// Jest Snapshot v1, https://goo.gl/fbAQLP

exports[`remark-template match doc snapshot 1`] = `
"# h1

this is test node
"
`;
